// Jest Snapshot v1, https://goo.gl/fbAQLP

exports[`EpisodeList renders without crashing 1`] = `ShallowWrapper {}`;
