// Jest Snapshot v1, https://goo.gl/fbAQLP

exports[`Pagination renders without crashing 1`] = `ShallowWrapper {}`;
