// Jest Snapshot v1, https://goo.gl/fbAQLP

exports[`Location renders without crashing 1`] = `ShallowWrapper {}`;
